                      /| o                                                  
                     /_|=/                                                  
ejm 97              /__|<\                                                  
~-~-~-~-~-~-~-~-~-~-~======~-~-~-~                                          
                     ~-~ -~                                                 
                      ~- -~                                                 
                       ~ -                                                  
                                                                            
              /|                                                            
             / |                                                            
            /_ |                                                            
           /[_]|     O                                                      
          /____|)===/                                                       
         /     |   /                                                        
        /      |  / \                                                       
~-~-~-~/_______|~-\  \~-  ~-~-~                                             
ejm 97~-~-~============~-~-~-~-~                                            
~-~-~-~-~-~-~-~-~-~-~-~-~-~                                                 
         ~-~ -~    ~ ~                                                      
           -~-~                                                             
            ~ -                                                             
                                                                            
                          |\                                                
                          | \                                               
                          |  \                                              
                          |   \                                             
                        o |    \                                            
                       \|-|_____\                                           
                       _|\|___                                              
                       \_____/                                              
                                                                            
             ,                                                              
         -  /|                                                              
        -  / |                                                              
      -   /o |                                                              
   ~^~ ^~//-'|~^~ ~^~                                                       
    ~^~.-->>---. ~^ ~^~                                                     
   ~^~ `"""""""` ^~^ ~^                                                     
jgs~^~ ~^ ~^~^ ~^~^ ~^                                                      
                                                                            
         |\                                                                 
         |-\                                                                
         |--\                                                               
         |---\                                                              
         |----\                                                             
         |-----\                                                            
        /|------\                                                           
       / |-------\                                                          
      /| |--------\                                                         
     /-| |---------\                                                        
    /--| |----------\                                                       
   /---| |-----------\                                                      
  /----| |------------\                                                     
 /_____| |-----O-------\                                                    
/        |____/ \____|___-\                                                 
\------------------------| |                                                
 \                       |                                                  
-----------------------------                                               
                                                                            
     \                                                                      
     - \                                                                    
     |   \                                                                  
     |---- \                                                                
     |  KKB  \                                                              
     |---------\                                                            
      \          \                                                          
        \--------O-\                                                        
          \----^-|-^-\                                                      
            \___/_\____\                                                    
            __/_____\____\___/                                              
~~~~~~~~~~~~~~~~~~~~~~~~~~~~~~~~~~~~~~~~~~~~~~~~~~~~                        
"The most beautiful shapes on earth were created by the wind."              
  __________________________________________________________________________
Sea Creatures                                                               
  __________________________________________________________________________
                                                                            
                ,  O                                                        
                }\   o                                                      
      )    \  .'  `\ .                                                      
     (     }}<   ( 6>   )                                                   
    ) )    /  `,  .'   (   (                                                
   ( (          }/      )   )                                               
    ) )         '      (   (                                                
   ^^^^^^^^^^^^^^^^^^^^^^^^^^^^^^^^^                                        
                                                                            
     /(C                                                                    
>{{{{:<                                                                     
     \(C                                                                    
                                                                            
             ,        ,                                                     
            /(_,    ,_)\                                                    
            \ _/    \_ /                                                    
            //        \\                                                    
            \\ (@)(@) //                                                    
             \'="=="='/                                                     
         ,===/        \===,                                                 
        ",===\        /===,"                                                
        " ,==='------'===, "                                                
   jgs   "                "                                                 
