 __________________                       
< Linux is superior to everything. >      
 ------------------                       
   \                                      
    \                                     
        .--.                              
       |o_o |                             
       |:_/ |                             
      //   \ \                            
     (|     | )                           
    /'\_   _/`\                           
    \___)=(___/                           
                                          
< Linux is super good. >                  
 ------------------------                 
    \                                     
     \                                    
    ^__^         /                        
    (oo)\_______/  _________              
    (__)\       )=(  ____|_ \_____        
        ||----w |  \ \     \_____ |       
        ||     ||   ||           ||       
                                          
/ You have Egyptian flu: you're going to \
\ be a mummy.                            /
 ---------------------------------------- 
        \   ^__^                          
         \  (oo)\_______                  
            (__)\       )\/\              
                ||----w |                 
                ||     ||                 
                                          
Have fun!                                 
