         (`-"-`)                     
          /'Y'\                      
        __\_^_/__                    
       ()_ >o< _()                   
          ) : (                      
     jgs / /-\ \                     
        ()/   \()                    
                                     
        ()=()   ()-()   ()=()   ()-()
        ('Y')   (':')   (^;^)   ('&')
        q . p   d . b   C   C   c . c
   jgs  ()_()   ()_()   ()_()   ()=()
                                     
   ..------~~~--.__                  
  /               c~\                
  /             \__ `\               
  |  /~~--__/  /'\ ~~'               
 /'/'\ |    | |`\ \_                 
`-))  `-))  `-)) `-))                
