     ____________________________________________________        
    /   | | |     ___                  __                |       
   |   / .-. \     / _/_ ) ,    _,    /__  ',_  /    /   |       
   |   \ '-' /   _/_ (_  _/_)  (_(_  (__) / /  (_   .    |       
 jgs\___|_|_|____________________________________________|       
    | ||.==.                                                     
    |_ ``""`)                                                    
jgs  _)    (_                                                    
         O                                                       
     |  /|                                                       
     |_(__\                                                      
      \  )\                                                      
  jgs  )( /_                                                     
                                                                 
-=[ cigarette ]=-                                                
                                                                 
                   )                                             
                  (                                              
      _ ___________ )                                            
     [_[___________#                                             
                                                                 
-=[ ring ]=-  6/97                                               
                                                                 
                                                                 
         ____                                                    
     __ /\../\ __                                                
    (__|>:  :<|__)                                               
   jgs  \/''\/                                                   
         ^^^^                                                    
                                                                 
-=[ frying pan ]=-  6/97                                         
       _____________ ______________                              
      (_,---------.(`______________`)                            
                   \               /                             
  jgs               `-------------'                              
                                                                 
-=[ raspberry ]=-  6/97                                          
                                                                 
       .\V/,                                                     
      ()_()_)                                                    
     (.(_)()_)                                                   
      (_(_).)'                                                   
  jgs  `'"'`                                                     
                                                                 
-=[ angels ]=-  6/97                                             
          ==                                                     
       <^\()/^>                                                  
        \/  \/                                                   
 jgs     /  \                                                    
         `''`                                                    
                                                                 
                                                                 
        ==  ==      "we are each of us angels                    
     <^\()/\()/^>       with but one wing,                       
      \/  \/  \/       and can only fly by                       
       /  \/  \        embracing each other"                     
 jgs   `""``""`                                                  
                                                                 
-=[ fireman ]=-  6/97                                            
                                                                 
          (       ..:::[=--.  /o\             _                  
            )   .:::''      \ (")\           /_\                 
           (,`):::,(.        `/:\            I I                 
           ) (. )' ('         |:|`\       ,={_O_}                
      jgs (,)' ). (' ),)     _/^|_  -.__.'   | |                 
                                                                 
-=[ woman ]=-  6/97                                              
           .=.                                                   
          //"\\                                                  
         (/6 6\)                                                 
         )\ = /(                                                 
    jgs (_ ) ( _)                                                
                                                                 
-=[ genie's lamp ]=-  7/97                                       
                                                                 
           {}   _,                                               
       ___/__\_//                                                
      (_\_    _/                                                 
       -' `)(`                                                   
jgs       ~""~                                                   
                                                                 
-=[ 5 lines ]=-  6/97                                            
                                                                 
                       \  '  /                                   
          ~,             .-.          ^^                         
          /|        -=  (   )  =-       ^^                       
     ~^~ /_|\ ^~~-~^~^~-=~=~=-~^~^~^-~^~^~^~                     
  jgs~^~ ~^~^ ~-~^~~-~^~^~-=^~~^-~^~^~^-~^~^~^~                  
                                                                 
                                                                 
                                                                 
-=[ 4 lines ]=-  6/97                                            
--                                                               
                                                                 
                  ~,  ^^             |          "The sun setting 
                  /|    ^^         \ _ /           is no less    
                 / |\           -=  ( )  =-      beautiful than  
 ~^~ ^ ^~^~ ~^~ ~=====^~^~-~^~~^~^-=~=~=-~^~^~^~ the sun rising."
