   .-*+!%$%!+*-.-*+!%$%!+*-.-*+!%$%!+*-.-*+!%$%!+*-.-*+!%$%!+*-.-*+!%$%!+*-.
   | . o       c ,     /\ /\      /\ \  / /\       __o          o          |
   | `'#v-- --v#`'    ((ovo))    //\\ .. //\\    _`\<,_     /\O/        O  |
   |  /'>     <`\     ():::()    //\((  ))/\\   (*)/ (*)   0  \\   |  0-#  |
   |                    VVV      /  < `' >  \                 //   |   / \ |
   |-----------------------------------------------------------------------|
   |-----------------------------------------------------------------------|
   |    o   \ o /  _ o         __|    \ /     |__        o _  \ o /   o    |
   |   /|\    |     /\   ___\o   \o    |    o/    o/__   /\     |    /|\   |
   |   / \   / \   | \  /)  |    ( \  /o\  / )    |  (\  / |   / \   / \   |
   .-*+!%$%!+*-.-*+!%$%!+*-.-*+!%$%!+*-.-*+!%$%!+*-.-*+!%$%!+*-.-*+!%$%!+*-.
   .-*+!%$%!+*-.-*+!%$%!+*-.-*+!%$%!+*-.-*+!%$%!+*-.-*+!%$%!+*-.-*+!%$%!+*-.
   | . o       c ,     /\ /\      /\ \  / /\       __o          o          |
   | `'#v-- --v#`'    ((ovo))    //\\ .. //\\    _`\<,_     /\O/        O  |
   |  /'>     <`\     ():::()    //\((  ))/\\   (*)/ (*)   0  \\   |  0-#  |
   |                    VVV      /  < `' >  \                 //   |   / \ |
   |-----------------------------------------------------------------------|
   |-----------------------------------------------------------------------|
   |    o   \ o /  _ o         __|    \ /     |__        o _  \ o /   o    |
   |   /|\    |     /\   ___\o   \o    |    o/    o/__   /\     |    /|\   |
   |   / \   / \   | \  /)  |    ( \  /o\  / )    |  (\  / |   / \   / \   |
   .-*+!%$%!+*-.-*+!%$%!+*-.-*+!%$%!+*-.-*+!%$%!+*-.-*+!%$%!+*-.-*+!%$%!+*-.
                                                                            
   .-*+!%$%!+*-.-*+!%$%!+*-.-*+!%$%!+*-.-*+!%$%!+*-.-*+!%$%!+*-.-*+!%$%!+*-.
   | . o       c ,     /\ /\      /\ \  / /\       __o          o          |
   | `'#v-- --v#`'    ((ovo))    //\\ .. //\\    _`\<,_     /\O/        O  |
   |  /'>     <`\     ():::()    //\((  ))/\\   (*)/ (*)   0  \\   |  0-#  |
   |                    VVV      /  < `' >  \                 //   |   / \ |
   |-----------------------------------------------------------------------|
   |-----------------------------------------------------------------------|
   |    o   \ o /  _ o         __|    \ /     |__        o _  \ o /   o    |
   |   /|\    |     /\   ___\o   \o    |    o/    o/__   /\     |    /|\   |
   |   / \   / \   | \  /)  |    ( \  /o\  / )    |  (\  / |   / \   / \   |
   .-*+!%$%!+*-.-*+!%$%!+*-.-*+!%$%!+*-.-*+!%$%!+*-.-*+!%$%!+*-.-*+!%$%!+*-.
                                                                            
   .-*+!%$%!+*-.-*+!%$%!+*-.-*+!%$%!+*-.-*+!%$%!+*-.-*+!%$%!+*-.-*+!%$%!+*-.
   | . o       c ,     /\ /\      /\ \  / /\       __o          o          |
   | `'#v-- --v#`'    ((ovo))    //\\ .. //\\    _`\<,_     /\O/        O  |
   |  /'>     <`\     ():::()    //\((  ))/\\   (*)/ (*)   0  \\   |  0-#  |
   |                    VVV      /  < `' >  \                 //   |   / \ |
   |-----------------------------------------------------------------------|
   |-----------------------------------------------------------------------|
   |    o   \ o /  _ o         __|    \ /     |__        o _  \ o /   o    |
   |   /|\    |     /\   ___\o   \o    |    o/    o/__   /\     |    /|\   |
   |   / \   / \   | \  /)  |    ( \  /o\  / )    |  (\  / |   / \   / \   |
   .-*+!%$%!+*-.-*+!%$%!+*-.-*+!%$%!+*-.-*+!%$%!+*-.-*+!%$%!+*-.-*+!%$%!+*-.
                                                                            
   .-*+!%$%!+*-.-*+!%$%!+*-.-*+!%$%!+*-.-*+!%$%!+*-.-*+!%$%!+*-.-*+!%$%!+*-.
   | . o       c ,     /\ /\      /\ \  / /\       __o          o          |
   | `'#v-- --v#`'    ((ovo))    //\\ .. //\\    _`\<,_     /\O/        O  |
   |  /'>     <`\     ():::()    //\((  ))/\\   (*)/ (*)   0  \\   |  0-#  |
   |                    VVV      /  < `' >  \                 //   |   / \ |
   |-----------------------------------------------------------------------|
   |-----------------------------------------------------------------------|
   |    o   \ o /  _ o         __|    \ /     |__        o _  \ o /   o    |
   |   /|\    |     /\   ___\o   \o    |    o/    o/__   /\     |    /|\   |
   |   / \   / \   | \  /)  |    ( \  /o\  / )    |  (\  / |   / \   / \   |
   .-*+!%$%!+*-.-*+!%$%!+*-.-*+!%$%!+*-.-*+!%$%!+*-.-*+!%$%!+*-.-*+!%$%!+*-.
                                                                            
   .-*+!%$%!+*-.-*+!%$%!+*-.-*+!%$%!+*-.-*+!%$%!+*-.-*+!%$%!+*-.-*+!%$%!+*-.
   | . o       c ,     /\ /\      /\ \  / /\       __o          o          |
   | `'#v-- --v#`'    ((ovo))    //\\ .. //\\    _`\<,_     /\O/        O  |
   |  /'>     <`\     ():::()    //\((  ))/\\   (*)/ (*)   0  \\   |  0-#  |
   |                    VVV      /  < `' >  \                 //   |   / \ |
   |-----------------------------------------------------------------------|
   |-----------------------------------------------------------------------|
   |    o   \ o /  _ o         __|    \ /     |__        o _  \ o /   o    |
   |   /|\    |     /\   ___\o   \o    |    o/    o/__   /\     |    /|\   |
   |   / \   / \   | \  /)  |    ( \  /o\  / )    |  (\  / |   / \   / \   |
   .-*+!%$%!+*-.-*+!%$%!+*-.-*+!%$%!+*-.-*+!%$%!+*-.-*+!%$%!+*-.-*+!%$%!+*-.
                                                                            
   .-*+!%$%!+*-.-*+!%$%!+*-.-*+!%$%!+*-.-*+!%$%!+*-.-*+!%$%!+*-.-*+!%$%!+*-.
   | . o       c ,     /\ /\      /\ \  / /\       __o          o          |
   | `'#v-- --v#`'    ((ovo))    //\\ .. //\\    _`\<,_     /\O/        O  |
   |  /'>     <`\     ():::()    //\((  ))/\\   (*)/ (*)   0  \\   |  0-#  |
   |                    VVV      /  < `' >  \                 //   |   / \ |
   |-----------------------------------------------------------------------|
   |-----------------------------------------------------------------------|
   |    o   \ o /  _ o         __|    \ /     |__        o _  \ o /   o    |
   |   /|\    |     /\   ___\o   \o    |    o/    o/__   /\     |    /|\   |
   |   / \   / \   | \  /)  |    ( \  /o\  / )    |  (\  / |   / \   / \   |
   .-*+!%$%!+*-.-*+!%$%!+*-.-*+!%$%!+*-.-*+!%$%!+*-.-*+!%$%!+*-.-*+!%$%!+*-.
                                                                            
   .-*+!%$%!+*-.-*+!%$%!+*-.-*+!%$%!+*-.-*+!%$%!+*-.-*+!%$%!+*-.-*+!%$%!+*-.
   | . o       c ,     /\ /\      /\ \  / /\       __o          o          |
   | `'#v-- --v#`'    ((ovo))    //\\ .. //\\    _`\<,_     /\O/        O  |
   |  /'>     <`\     ():::()    //\((  ))/\\   (*)/ (*)   0  \\   |  0-#  |
   |                    VVV      /  < `' >  \                 //   |   / \ |
   |-----------------------------------------------------------------------|
   |-----------------------------------------------------------------------|
   |    o   \ o /  _ o         __|    \ /     |__        o _  \ o /   o    |
   |   /|\    |     /\   ___\o   \o    |    o/    o/__   /\     |    /|\   |
   |   / \   / \   | \  /)  |    ( \  /o\  / )    |  (\  / |   / \   / \   |
   .-*+!%$%!+*-.-*+!%$%!+*-.-*+!%$%!+*-.-*+!%$%!+*-.-*+!%$%!+*-.-*+!%$%!+*-.
